// Jest Snapshot v1, https://goo.gl/fbAQLP

exports[`renders App snapshot 1`] = `
<div
  className="App"
>
  <div
    className="machine-container"
  >
    <div
      className="calculating-machine"
    >
      <div
        className="result-container"
      >
        <p
          className="result"
          data-testid="result"
        >
          0
        </p>
      </div>
      <div
        className="button-container"
      >
        <div
          className="calculating-item"
          data-testid="clear"
          onClick={[Function]}
        >
          <p>
            C
          </p>
        </div>
        <div
          className="calculating-item"
          data-testid="del"
          onClick={[Function]}
        >
          <p>
            DEL
          </p>
        </div>
        <div
          className="calculating-item"
          data-testid="divide"
          onClick={[Function]}
        >
          <p>
            รท
          </p>
        </div>
        <div
          className="calculating-item"
          data-testid="multiply"
          onClick={[Function]}
        >
          <p>
            x
          </p>
        </div>
        <div
          className="calculating-item"
          data-testid="seven"
          onClick={[Function]}
        >
          <p>
            7
          </p>
        </div>
        <div
          className="calculating-item"
          data-testid="eight"
          onClick={[Function]}
        >
          <p>
            8
          </p>
        </div>
        <div
          className="calculating-item"
          data-testid="nine"
          onClick={[Function]}
        >
          <p>
            9
          </p>
        </div>
        <div
          className="calculating-item"
          data-testid="minus"
          onClick={[Function]}
        >
          <p>
            -
          </p>
        </div>
        <div
          className="calculating-item"
          data-testid="four"
          onClick={[Function]}
        >
          <p>
            4
          </p>
        </div>
        <div
          className="calculating-item"
          data-testid="five"
          onClick={[Function]}
        >
          <p>
            5
          </p>
        </div>
        <div
          className="calculating-item"
          data-testid="six"
          onClick={[Function]}
        >
          <p>
            6
          </p>
        </div>
        <div
          className="calculating-item"
          data-testid="plus"
          onClick={[Function]}
        >
          <p>
            +
          </p>
        </div>
        <div
          className="calculating-item"
          data-testid="one"
          onClick={[Function]}
        >
          <p>
            1
          </p>
        </div>
        <div
          className="calculating-item"
          data-testid="two"
          onClick={[Function]}
        >
          <p>
            2
          </p>
        </div>
        <div
          className="calculating-item"
          data-testid="three"
          onClick={[Function]}
        >
          <p>
            3
          </p>
        </div>
        <div
          className="calculating-item"
          data-testid="zero"
          onClick={[Function]}
        >
          <p>
            0
          </p>
        </div>
        <div
          className="calculating-item"
          data-testid="dot"
          onClick={[Function]}
        >
          <p>
            .
          </p>
        </div>
        <div
          className="calculating-item"
          data-testid="equal"
          onClick={[Function]}
        >
          <p>
            =
          </p>
        </div>
      </div>
    </div>
  </div>
</div>
`;
